C:/Users/TerenceLeung/Documents/STM32_Prototyping/MOTOR_CTL_F401_RTOS/MOTOR_CTL_F401_RTOS/Src/main.c:470:13:startMediumFrequencyTask	8	static
C:/Users/TerenceLeung/Documents/STM32_Prototyping/MOTOR_CTL_F401_RTOS/MOTOR_CTL_F401_RTOS/Src/main.c:69:6:SystemClock_Config	88	static,ignoring_inline_asm
C:/Users/TerenceLeung/Documents/STM32_Prototyping/MOTOR_CTL_F401_RTOS/MOTOR_CTL_F401_RTOS/Src/main.c:31:5:main	120	static,ignoring_inline_asm
C:/Users/TerenceLeung/Documents/STM32_Prototyping/MOTOR_CTL_F401_RTOS/MOTOR_CTL_F401_RTOS/Src/main.c:489:6:HAL_TIM_PeriodElapsedCallback	0	static
C:/Users/TerenceLeung/Documents/STM32_Prototyping/MOTOR_CTL_F401_RTOS/MOTOR_CTL_F401_RTOS/Src/main.c:505:6:Error_Handler	0	static,ignoring_inline_asm
C:/Users/TerenceLeung/Documents/STM32_Prototyping/MOTOR_CTL_F401_RTOS/MOTOR_CTL_F401_RTOS/Src/main.c:518:6:Peripheral_DeInit	8	static,ignoring_inline_asm
C:/Users/TerenceLeung/Documents/STM32_Prototyping/MOTOR_CTL_F401_RTOS/MOTOR_CTL_F401_RTOS/Src/main.c:532:6:GPIO_WAKEPIN_Init	32	static
C:/Users/TerenceLeung/Documents/STM32_Prototyping/MOTOR_CTL_F401_RTOS/MOTOR_CTL_F401_RTOS/Src/main.c:565:6:EXTI2_IRQHandler	0	static
C:/Users/TerenceLeung/Documents/STM32_Prototyping/MOTOR_CTL_F401_RTOS/MOTOR_CTL_F401_RTOS/Src/main.c:607:6:suspend_SystemTask	8	static
