../ESCOOTER/ESCOOTER_MainTask.c:26:6:ESboot	8	static
../ESCOOTER/ESCOOTER_MainTask.c:56:6:ESCOOTER_DriveModeConfig	0	static
../ESCOOTER/ESCOOTER_MainTask.c:64:6:ESCOOTER_InputThrottleSignal	8	static
../ESCOOTER/ESCOOTER_MainTask.c:79:6:ESCOOTER_InputBrakeSignal	8	static
../ESCOOTER/ESCOOTER_MainTask.c:89:6:ESCOOTER_DEBUG_CancelBrakeSignal	0	static
../ESCOOTER/ESCOOTER_MainTask.c:97:6:ESCOOTER_IsCarReady	0	static
../ESCOOTER/ESCOOTER_MainTask.c:110:6:ESCOOTER_SendReportStatus	0	static
../ESCOOTER/ESCOOTER_MainTask.c:115:6:ESCOOTER_GetReportStatus	0	static
../ESCOOTER/ESCOOTER_MainTask.c:120:6:ESCOOTER_DRIVING_CONTROL	8	static
../ESCOOTER/ESCOOTER_MainTask.c:140:13:ESCOOTER_StateMachineHighFrequencyTask	32	static
../ESCOOTER/ESCOOTER_MainTask.c:224:6:ESCOOTER_ParameterMonitoring	24	static
../ESCOOTER/ESCOOTER_MainTask.c:237:6:ESCOOTER_Stop_Driving_Task	8	static
