../ESCOOTER/ESCOOTER_MainTask.c:26:6:ESboot	56	static
../ESCOOTER/ESCOOTER_MainTask.c:58:6:ESCOOTER_DriveModeConfig	0	static
../ESCOOTER/ESCOOTER_MainTask.c:66:6:ESCOOTER_InputThrottleSignal	8	static
../ESCOOTER/ESCOOTER_MainTask.c:78:6:ESCOOTER_InputBrakeSignal	8	static
../ESCOOTER/ESCOOTER_MainTask.c:88:6:ESCOOTER_DEBUG_CancelBrakeSignal	0	static
../ESCOOTER/ESCOOTER_MainTask.c:96:6:ESCOOTER_IsCarReady	0	static
../ESCOOTER/ESCOOTER_MainTask.c:109:6:ESCOOTER_SendReportStatus	0	static
../ESCOOTER/ESCOOTER_MainTask.c:114:6:ESCOOTER_GetReportStatus	0	static
../ESCOOTER/ESCOOTER_MainTask.c:124:13:ESCOOTER_StateMachineHighFrequencyTask	32	static
../ESCOOTER/ESCOOTER_MainTask.c:204:6:ESCOOTER_ParameterMonitoring	24	static
../ESCOOTER/ESCOOTER_MainTask.c:212:6:ESCOOTER_Stop_Driving_Task	8	static
